// Jest Snapshot v1, https://goo.gl/fbAQLP

exports[`Message component it matches the snapshot 1`] = `
<div
  className="sc-bdVaJa eTqxec"
>
  <div
    className=" sb-avatar"
    style={
      Object {
        "borderRadius": "100%",
        "display": "inline-block",
        "fontFamily": "Helvetica, Arial, sans-serif",
        "height": "40px",
        "verticalAlign": "middle",
        "width": "40px",
      }
    }
  >
    <div
      className=" sb-avatar__text"
      style={
        Object {
          "background": undefined,
          "borderRadius": "100%",
          "color": "#FFF",
          "height": "40px",
          "lineHeight": "initial",
          "textAlign": "center",
          "textTransform": "uppercase",
          "width": "40px",
        }
      }
    >
      <div
        style={
          Object {
            "display": "table",
            "height": "100%",
            "tableLayout": "fixed",
            "width": "100%",
          }
        }
      >
        <span
          style={
            Object {
              "display": "table-cell",
              "fontSize": "100%",
              "verticalAlign": "middle",
              "whiteSpace": "nowrap",
            }
          }
        >
          <span />
        </span>
      </div>
    </div>
  </div>
  <div
    className="sc-bwzfXH dqogVs"
  >
    <div
      className="sc-htpNat iiFJB"
    />
    <div
      className="sc-bxivhb dtsayX"
    />
  </div>
</div>
`;
